
> dlm-frontend@0.1.0 build
> next build

   Γû▓ Next.js 15.5.18
   - Environments: .env.local, .env
   - Experiments (use with caution):
     ┬╖ optimizePackageImports

   Creating an optimized production build ...
Webpack Bundle Analyzer saved report to C:\Users\DevashishDas\Downloads\Office Project\DLM\frontend\.next\analyze\nodejs.html
Webpack Bundle Analyzer saved report to C:\Users\DevashishDas\Downloads\Office Project\DLM\frontend\.next\analyze\edge.html
Webpack Bundle Analyzer saved report to C:\Users\DevashishDas\Downloads\Office Project\DLM\frontend\.next\analyze\client.html
 Γ£ô Compiled successfully in 28.8s
   Linting and checking validity of types ...
   Collecting page data ...
   Generating static pages (0/62) ...
   Generating static pages (15/62) 
   Generating static pages (30/62) 
   Generating static pages (46/62) 
 Γ£ô Generating static pages (62/62)
   Finalizing page optimization ...
   Collecting build traces ...

Route (app)                                 Size  First Load JS
Γöî Γùï /                                    54.1 kB         237 kB
Γö£ Γùï /_not-found                            128 B         103 kB
Γö£ Γùï /about                                2.4 kB         171 kB
Γö£ Γùï /account                             8.08 kB         181 kB
Γö£ Γùï /admin                               4.24 kB         301 kB
Γö£ Γùï /admin/announcements                 9.67 kB         192 kB
Γö£ Γùï /admin/approvals                      5.3 kB         191 kB
Γö£ Γùï /admin/audit                         4.35 kB         188 kB
Γö£ Γùï /admin/business-health               7.49 kB         303 kB
Γö£ Γùï /admin/commission                    5.08 kB         188 kB
Γö£ Γùï /admin/configuration                   200 B         192 kB
Γö£ Γùï /admin/customer-experience           6.34 kB         268 kB
Γö£ Γùï /admin/customers                     6.06 kB         189 kB
Γö£ Γùï /admin/disputes                      20.2 kB         359 kB
Γö£ Γùï /admin/disputes/analytics            2.12 kB         304 kB
Γö£ Γùï /admin/fraud                         8.11 kB         191 kB
Γö£ Γùï /admin/inventory-changes             6.68 kB         189 kB
Γö£ Γùï /admin/laundries                      7.6 kB         203 kB
Γö£ Γùï /admin/notifications                 3.26 kB         176 kB
Γö£ Γùï /admin/orders                        9.64 kB         221 kB
Γö£ Γùï /admin/profit-sharing                6.85 kB         286 kB
Γö£ Γùï /admin/revenue                       9.11 kB         285 kB
Γö£ Γùï /admin/revenue/analytics             9.52 kB         321 kB
Γö£ Γùï /admin/reviews/moderation            7.97 kB         283 kB
Γö£ Γùï /admin/settings                        303 B         192 kB
Γö£ Γùï /admin/settlements                   9.44 kB         309 kB
Γö£ Γùï /admin/trust-scores                  9.21 kB         192 kB
Γö£ Γùï /apple-icon.png                          0 B            0 B
Γö£ ╞Æ /checkout/[laundryId]                9.37 kB         184 kB
Γö£ Γùï /contact                             6.63 kB         197 kB
Γö£ Γùï /discover                            7.36 kB         180 kB
Γö£ ╞Æ /discover/[id]                         27 kB         223 kB
Γö£ Γùï /disputes                             7.2 kB         197 kB
Γö£ Γùï /franchise                            2.4 kB         171 kB
Γö£ Γùï /icon.png                                0 B            0 B
Γö£ Γùï /login                               2.51 kB         188 kB
Γö£ Γùï /orders                              6.38 kB         167 kB
Γö£ ╞Æ /orders/[id]                           13 kB         210 kB
Γö£ Γùï /partner                             3.96 kB         224 kB
Γö£ Γùï /partner/audit                       4.14 kB         190 kB
Γö£ Γùï /partner/customers                    5.1 kB         195 kB
Γö£ Γùï /partner/deliveries                  1.08 kB         221 kB
Γö£ Γùï /partner/notifications               8.38 kB         191 kB
Γö£ Γùï /partner/operations                  10.7 kB         193 kB
Γö£ Γùï /partner/orders                      1.32 kB         222 kB
Γö£ Γùï /partner/pickups                     1.09 kB         221 kB
Γö£ Γùï /partner/reports                     9.36 kB         192 kB
Γö£ Γùï /partner/revenue                     7.85 kB         299 kB
Γö£ Γùï /partner/reviews                       11 kB         305 kB
Γö£ Γùï /partner/services                    5.78 kB         188 kB
Γö£ Γùï /partner/settings                    3.84 kB         190 kB
Γö£ Γùï /partner/settlements                 2.53 kB         272 kB
Γö£ Γùï /partner/staff                       6.07 kB         288 kB
Γö£ Γùï /partner/storefront                  10.6 kB         197 kB
Γö£ Γùï /partner/walk-in-orders              8.45 kB         196 kB
Γö£ Γùï /partners                            3.32 kB         172 kB
Γö£ Γùï /platform-partner                    6.39 kB         302 kB
Γö£ Γùï /platform-partner/earnings           1.47 kB         271 kB
Γö£ Γùï /privacy                             3.34 kB         172 kB
Γö£ Γùï /register                             1.3 kB         186 kB
Γö£ Γùï /services                            9.97 kB         179 kB
Γö£ Γùï /stores                              3.93 kB         194 kB
Γöö Γùï /terms                               3.34 kB         172 kB
+ First Load JS shared by all             102 kB
  Γö£ chunks/1255-eae4096fb21f1304.js        46 kB
  Γö£ chunks/4bd1b696-100b9d70ed4e49c1.js  54.2 kB
  Γöö other shared chunks (total)          2.25 kB


╞Æ Middleware                             34.1 kB

Γùï  (Static)   prerendered as static content
╞Æ  (Dynamic)  server-rendered on demand

